---
source: crates/frontend/tests/lower_mir.rs
expression: "lower_to_mir(\"drip Node { flex v: int }\\n\\\n                    finna clear(arena: crib Node) { evict arena }\")"
---
struct Node { flex v: i64 }
extern "C" fn bet_print(rawptr, u64) -> void

fn clear(%0: crib Node) -> void {
  bb0:
    evict %0
    return
}
